// Vitest Snapshot v1

exports[`Button.svelte > mounts 1`] = `"<div><span class=\\"svelte-pbnhkd\\">TestingTesting123</span></div>"`;
